[INFO] Scanning for projects...
[INFO] 
[INFO] ---------------------< com.hostel:mess-breakfast >----------------------
[INFO] Building mess-breakfast 1.0.0
[INFO]   from pom.xml
[INFO] --------------------------------[ jar ]---------------------------------
[INFO] 
[INFO] --- resources:3.3.1:resources (default-resources) @ mess-breakfast ---
[INFO] Copying 1 resource from src\main\resources to target\classes
[INFO] Copying 0 resource from src\main\resources to target\classes
[INFO] 
[INFO] --- compiler:3.11.0:compile (default-compile) @ mess-breakfast ---
[INFO] Changes detected - recompiling the module! :source
[INFO] Compiling 79 source files with javac [debug release 17] to target\classes
[INFO] -------------------------------------------------------------
[ERROR] COMPILATION ERROR : 
[INFO] -------------------------------------------------------------
[ERROR] /C:/Users/rohit/Desktop/study/Mess/backend/src/main/java/com/hostel/mess/service/AuthService.java:[9,30] cannot find symbol
  symbol:   class UserRegisteredEvent
  location: package com.hostel.mess.events
[INFO] 1 error
[INFO] -------------------------------------------------------------
[INFO] ------------------------------------------------------------------------
[INFO] BUILD FAILURE
[INFO] ------------------------------------------------------------------------
[INFO] Total time:  4.950 s
[INFO] Finished at: 2026-04-08T18:26:24+05:30
[INFO] ------------------------------------------------------------------------
[ERROR] Failed to execute goal org.apache.maven.plugins:maven-compiler-plugin:3.11.0:compile (default-compile) on project mess-breakfast: Compilation failure
[ERROR] /C:/Users/rohit/Desktop/study/Mess/backend/src/main/java/com/hostel/mess/service/AuthService.java:[9,30] cannot find symbol
[ERROR]   symbol:   class UserRegisteredEvent
[ERROR]   location: package com.hostel.mess.events
[ERROR] 
[ERROR] -> [Help 1]
[ERROR] 
[ERROR] To see the full stack trace of the errors, re-run Maven with the -e switch.
[ERROR] Re-run Maven using the -X switch to enable full debug logging.
[ERROR] 
[ERROR] For more information about the errors and possible solutions, please read the following articles:
[ERROR] [Help 1] http://cwiki.apache.org/confluence/display/MAVEN/MojoFailureException
